=== BẮT ĐẦU CHẨN ĐOÁN VÀ KIỂM THỬ HỆ THỐNG ===

> axis-auth-service@1.0.0 check
> node --check src/app.js && node --check src/server.js && node --check src/security/jwt.js && node --check src/models/User.js && node --check src/middlewares/authMiddleware.js && node --check src/controllers/authController.js && node --check src/routes/authRoutes.js

Backend Health Check: WARNING - Server chưa bật hoặc Mongo chưa chạy (The operation has timed out.)
Frontend folder not found, skipped build check.
node.exe : Error: command.parse: Executable doesn't exist at C:\Users\Nam\AppData\Local\ms-playwright
\chromium_headless_shell-1243\chrome-headless-shell-win64\chrome-headless-shell.exe
At line:1 char:1
+ & "C:\Program Files\nodejs/node.exe" "C:\Program Files\nodejs/node_mo ...
+ ~~~~~~~~~~~~~~~~~~~~~~~~~~~~~~~~~~~~~~~~~~~~~~~~~~~~~~~~~~~~~~~~~~~~~
    + CategoryInfo          : NotSpecified: (Error: command....dless-shell.exe:String) [], RemoteExc 
   eption
    + FullyQualifiedErrorId : NativeCommandError
 
ΓòöΓòÉΓòÉΓòÉΓòÉΓòÉΓòÉΓòÉΓòÉΓòÉΓòÉΓòÉΓòÉΓòÉΓòÉΓòÉΓòÉΓòÉΓòÉΓòÉΓòÉΓòÉΓòÉΓòÉΓòÉΓòÉΓòÉΓòÉΓòÉΓòÉΓòÉΓòÉΓòÉΓò
ÉΓòÉΓòÉΓòÉΓòÉΓòÉΓòÉΓòÉΓòÉΓòÉΓòÉΓòÉΓòÉΓòÉΓòÉΓòÉΓòÉΓòÉΓòÉΓòÉΓòÉΓòÉΓòÉΓòÉΓòÉΓòÉΓòÉΓòÉΓòù
Γòæ Looks like Playwright was just installed or updated.       Γòæ
Γòæ Please run the following command to download new browsers: Γòæ
Γòæ                                                            Γòæ
Γòæ     npx playwright install                                 Γòæ
Γòæ                                                            Γòæ
Γòæ <3 Playwright Team                                         Γòæ
ΓòÜΓòÉΓòÉΓòÉΓòÉΓòÉΓòÉΓòÉΓòÉΓòÉΓòÉΓòÉΓòÉΓòÉΓòÉΓòÉΓòÉΓòÉΓòÉΓòÉΓòÉΓòÉΓòÉΓòÉΓòÉΓòÉΓòÉΓòÉΓòÉΓòÉΓòÉΓòÉΓòÉΓò
ÉΓòÉΓòÉΓòÉΓòÉΓòÉΓòÉΓòÉΓòÉΓòÉΓòÉΓòÉΓòÉΓòÉΓòÉΓòÉΓòÉΓòÉΓòÉΓòÉΓòÉΓòÉΓòÉΓòÉΓòÉΓòÉΓòÉΓòÉΓò¥
=== KIỂM THỬ HOÀN TẤT ===
